GDTEST_OK
var test_untyped: int = null
  hint=ENUM hint_string="Red,Green,Blue" usage=DEFAULT|SCRIPT_VARIABLE
var test_weak_int: int = 0
  hint=ENUM hint_string="Red,Green,Blue" usage=DEFAULT|SCRIPT_VARIABLE
var test_weak_string: String = ""
  hint=ENUM hint_string="Red,Green,Blue" usage=DEFAULT|SCRIPT_VARIABLE
var test_hard_int: int = 0
  hint=ENUM hint_string="Red,Green,Blue" usage=DEFAULT|SCRIPT_VARIABLE
var test_hard_string: String = ""
  hint=ENUM hint_string="Red,Green,Blue" usage=DEFAULT|SCRIPT_VARIABLE
var test_with_values: int = null
  hint=ENUM hint_string="Red:10,Green:20,Blue:30" usage=DEFAULT|SCRIPT_VARIABLE
